\BOOKMARK [1][-]{section.1}{\376\377\000C\000o\000n\000t\000e\000x\000t\000u\000a\000l\000i\000z\000a\000\347\000\343\000o}{}% 1
\BOOKMARK [1][-]{section.2}{\376\377\000G\000r\000a\000d\000i\000e\000n\000t\000e\000\040\000d\000e\000\040\000u\000m\000a\000\040\000f\000u\000n\000\347\000\343\000o}{}% 2
\BOOKMARK [2][-]{subsection.2.1}{\376\377\000D\000e\000f\000i\000n\000i\000\347\000\343\000o}{section.2}% 3
\BOOKMARK [2][-]{subsection.2.2}{\376\377\000I\000n\000t\000u\000i\000\347\000\343\000o\000\040\000g\000e\000o\000m\000\351\000t\000r\000i\000c\000a\000:\000\040\000d\000i\000r\000e\000\347\000\343\000o\000\040\000d\000e\000\040\000m\000\341\000x\000i\000m\000a\000\040\000i\000n\000c\000l\000i\000n\000a\000\347\000\343\000o}{section.2}% 4
\BOOKMARK [2][-]{subsection.2.3}{\376\377\000T\000e\000o\000r\000e\000m\000a\000\040\0006\000.\0003\000:\000\040\000o\000\040\000g\000r\000a\000d\000i\000e\000n\000t\000e\000\040\000c\000o\000m\000o\000\040\000d\000i\000r\000e\000\347\000\343\000o\000\040\000d\000e\000\040\000s\000t\000e\000e\000p\000e\000s\000t\000\040\000a\000s\000c\000e\000n\000t}{section.2}% 5
\BOOKMARK [2][-]{subsection.2.4}{\376\377\000T\000e\000o\000r\000e\000m\000a\000\040\0006\000.\0004\000:\000\040\000v\000a\000l\000o\000r\000\040\000m\000\341\000x\000i\000m\000o\000\040\000d\000a\000\040\000t\000a\000x\000a\000\040\000d\000e\000\040\000m\000u\000d\000a\000n\000\347\000a}{section.2}% 6
\BOOKMARK [1][-]{section.3}{\376\377\000A\000v\000a\000l\000i\000a\000\347\000\343\000o\000\040\000d\000o\000\040\000g\000r\000a\000d\000i\000e\000n\000t\000e\000\040\000n\000a\000\040\000p\000r\000\341\000t\000i\000c\000a}{}% 7
\BOOKMARK [2][-]{subsection.3.1}{\376\377\000S\000i\000t\000u\000a\000\347\000\365\000e\000s\000\040\000t\000\355\000p\000i\000c\000a\000s\000\040\000p\000r\000o\000b\000l\000e\000m\000\341\000t\000i\000c\000a\000s}{section.3}% 8
\BOOKMARK [2][-]{subsection.3.2}{\376\377\000D\000i\000f\000e\000r\000e\000n\000\347\000a\000s\000\040\000f\000i\000n\000i\000t\000a\000s\000\040\000p\000r\000o\000g\000r\000e\000s\000s\000i\000v\000a\000s\000\040\000\050\000f\000o\000r\000w\000a\000r\000d\000\040\000d\000i\000f\000f\000e\000r\000e\000n\000c\000e\000\051}{section.3}% 9
\BOOKMARK [2][-]{subsection.3.3}{\376\377\000D\000i\000f\000e\000r\000e\000n\000\347\000a\000s\000\040\000f\000i\000n\000i\000t\000a\000s\000\040\000c\000e\000n\000t\000r\000a\000i\000s\000\040\000\050\000c\000e\000n\000t\000r\000a\000l\000\040\000d\000i\000f\000f\000e\000r\000e\000n\000c\000e\000\051}{section.3}% 10
\BOOKMARK [2][-]{subsection.3.4}{\376\377\000E\000s\000c\000o\000l\000h\000a\000\040\000d\000e\000\040\000x\000i\000:\000\040\000e\000r\000r\000o\000s\000\040\000d\000e\000\040\000a\000r\000r\000e\000d\000o\000n\000d\000a\000m\000e\000n\000t\000o\000\040\000e\000\040\000t\000r\000u\000n\000c\000a\000m\000e\000n\000t\000o}{section.3}% 11
\BOOKMARK [2][-]{subsection.3.5}{\376\377\000G\000r\000a\000d\000i\000e\000n\000t\000e\000\040\000n\000\343\000o\000\040\000d\000e\000f\000i\000n\000i\000d\000o\000\040\000e\000m\000\040\000t\000o\000d\000o\000s\000\040\000o\000s\000\040\000p\000o\000n\000t\000o\000s}{section.3}% 12
\BOOKMARK [1][-]{section.4}{\376\377\000T\000a\000x\000a\000\040\000d\000e\000\040\000v\000a\000r\000i\000a\000\347\000\343\000o\000\040\000a\000o\000\040\000l\000o\000n\000g\000o\000\040\000d\000e\000\040\000u\000m\000a\000\040\000d\000i\000r\000e\000\347\000\343\000o}{}% 13
\BOOKMARK [2][-]{subsection.4.1}{\376\377\000P\000a\000r\000a\000m\000e\000t\000r\000i\000z\000a\000\347\000\343\000o\000\040\000a\000o\000\040\000l\000o\000n\000g\000o\000\040\000d\000e\000\040\000S\000i}{section.4}% 14
\BOOKMARK [2][-]{subsection.4.2}{\376\377\000D\000e\000r\000i\000v\000a\000d\000a\000\040\000d\000i\000r\000e\000c\000i\000o\000n\000a\000l\000:\000\040\000\040\000r\000e\000p\000s\000t\000o\000p\000d\000f\000d\000f\000d\000\040\000=\000\040\000f\000S\000i}{section.4}% 15
\BOOKMARK [1][-]{section.5}{\376\377\000M\000\351\000t\000o\000d\000o\000\040\000d\000o\000\040\000d\000e\000c\000l\000i\000v\000e\000\040\000m\000\341\000x\000i\000m\000o\000\040\000\050\000s\000t\000e\000e\000p\000e\000s\000t\000\040\000d\000e\000s\000c\000e\000n\000t\000\040\000/\000\040\000C\000a\000u\000c\000h\000y\000\051}{}% 16
\BOOKMARK [2][-]{subsection.5.1}{\376\377\000I\000d\000e\000i\000a\000\040\000b\000\341\000s\000i\000c\000a}{section.5}% 17
\BOOKMARK [2][-]{subsection.5.2}{\376\377\000A\000l\000g\000o\000r\000i\000t\000m\000o}{section.5}% 18
\BOOKMARK [1][-]{section.6}{\376\377\000E\000x\000e\000m\000p\000l\000o\000:\000\040\000a\000p\000l\000i\000c\000a\000\347\000\343\000o\000\040\000d\000o\000\040\000m\000\351\000t\000o\000d\000o\000\040\000d\000o\000\040\000d\000e\000c\000l\000i\000v\000e\000\040\000m\000\341\000x\000i\000m\000o}{}% 19
\BOOKMARK [2][-]{subsection.6.1}{\376\377\000G\000r\000a\000d\000i\000e\000n\000t\000e}{section.6}% 20
\BOOKMARK [2][-]{subsection.6.2}{\376\377\000I\000t\000e\000r\000a\000\347\000\343\000o\000\040\0001}{section.6}% 21
\BOOKMARK [2][-]{subsection.6.3}{\376\377\000I\000t\000e\000r\000a\000\347\000\365\000e\000s\000\040\000s\000e\000g\000u\000i\000n\000t\000e\000s\000\040\000\050\000e\000s\000b\000o\000\347\000o\000\051}{section.6}% 22
\BOOKMARK [1][-]{section.7}{\376\377\000C\000r\000i\000t\000\351\000r\000i\000o\000s\000\040\000d\000e\000\040\000p\000a\000r\000a\000d\000a}{}% 23
\BOOKMARK [2][-]{subsection.7.1}{\376\377\000V\000a\000r\000i\000a\000\347\000\343\000o\000\040\000r\000e\000l\000a\000t\000i\000v\000a\000\040\000p\000e\000q\000u\000e\000n\000a\000\040\000e\000m\000\040\000f}{section.7}% 24
\BOOKMARK [2][-]{subsection.7.2}{\376\377\000N\000o\000r\000m\000a\000\040\000d\000o\000\040\000g\000r\000a\000d\000i\000e\000n\000t\000e\000\040\000p\000e\000q\000u\000e\000n\000a}{section.7}% 25
\BOOKMARK [2][-]{subsection.7.3}{\376\377\000M\000u\000d\000a\000n\000\347\000a\000\040\000p\000e\000q\000u\000e\000n\000a\000\040\000e\000m\000\040\000X}{section.7}% 26
\BOOKMARK [1][-]{section.8}{\376\377\000E\000n\000c\000e\000r\000r\000a\000m\000e\000n\000t\000o\000\040\000e\000\040\000p\000r\000\363\000x\000i\000m\000o\000s\000\040\000p\000a\000s\000s\000o\000s}{}% 27
