\BOOKMARK [1][-]{section.1}{\376\377\000I\000n\000t\000r\000o\000d\000u\000\347\000\343\000o\000:\000\040\000M\000\351\000t\000o\000d\000o\000s\000\040\000D\000i\000r\000e\000t\000o\000s\000\040\000v\000s\000.\000\040\000I\000n\000d\000i\000r\000e\000t\000o\000s}{}% 1
\BOOKMARK [2][-]{subsection.1.1}{\376\377\000M\000o\000t\000i\000v\000a\000\347\000\343\000o\000\040\000G\000e\000r\000a\000l}{section.1}% 2
\BOOKMARK [1][-]{section.2}{\376\377\000V\000i\000s\000\343\000o\000\040\000G\000e\000r\000a\000l\000:\000\040\000M\000\351\000t\000o\000d\000o\000s\000\040\000A\000l\000e\000a\000t\000\363\000r\000i\000o\000s\000\040\000e\000\040\000G\000r\000i\000d\000\040\000S\000e\000a\000r\000c\000h}{}% 3
\BOOKMARK [2][-]{subsection.2.1}{\376\377\000R\000a\000n\000d\000o\000m\000\040\000J\000u\000m\000p\000i\000n\000g\000\040\000M\000e\000t\000h\000o\000d}{section.2}% 4
\BOOKMARK [2][-]{subsection.2.2}{\376\377\000R\000a\000n\000d\000o\000m\000\040\000W\000a\000l\000k\000\040\000M\000e\000t\000h\000o\000d}{section.2}% 5
\BOOKMARK [2][-]{subsection.2.3}{\376\377\000R\000a\000n\000d\000o\000m\000\040\000W\000a\000l\000k\000\040\000c\000o\000m\000\040\000E\000x\000p\000l\000o\000r\000a\000\347\000\343\000o\000\040\000d\000e\000\040\000D\000i\000r\000e\000\347\000\343\000o}{section.2}% 6
\BOOKMARK [2][-]{subsection.2.4}{\376\377\000G\000r\000i\000d\000\040\000S\000e\000a\000r\000c\000h}{section.2}% 7
\BOOKMARK [1][-]{section.3}{\376\377\000M\000\351\000t\000o\000d\000o\000\040\000U\000n\000i\000v\000a\000r\000i\000a\000d\000o\000\040\000\050\000U\000n\000i\000v\000a\000r\000i\000a\000t\000e\000\040\000S\000e\000a\000r\000c\000h\000\051}{}% 8
\BOOKMARK [2][-]{subsection.3.1}{\376\377\000I\000d\000e\000i\000a\000\040\000G\000e\000r\000a\000l}{section.3}% 9
\BOOKMARK [2][-]{subsection.3.2}{\376\377\000A\000l\000g\000o\000r\000i\000t\000m\000o\000\040\000E\000s\000q\000u\000e\000m\000\341\000t\000i\000c\000o}{section.3}% 10
\BOOKMARK [2][-]{subsection.3.3}{\376\377\000E\000x\000e\000m\000p\000l\000o\000\040\000N\000u\000m\000\351\000r\000i\000c\000o}{section.3}% 11
\BOOKMARK [1][-]{section.4}{\376\377\000M\000\351\000t\000o\000d\000o\000\040\000d\000e\000\040\000P\000o\000w\000e\000l\000l\000\040\000\050\000P\000a\000t\000t\000e\000r\000n\000\040\000S\000e\000a\000r\000c\000h\000\040\000/\000\040\000D\000i\000r\000e\000\347\000\365\000e\000s\000\040\000C\000o\000n\000j\000u\000g\000a\000d\000a\000s\000\051}{}% 12
\BOOKMARK [2][-]{subsection.4.1}{\376\377\000I\000n\000t\000u\000i\000\347\000\343\000o}{section.4}% 13
\BOOKMARK [2][-]{subsection.4.2}{\376\377\000I\000d\000e\000i\000a\000\040\000d\000e\000\040\000D\000i\000r\000e\000\347\000\365\000e\000s\000\040\000C\000o\000n\000j\000u\000g\000a\000d\000a\000s}{section.4}% 14
\BOOKMARK [2][-]{subsection.4.3}{\376\377\000E\000s\000b\000o\000\347\000o\000\040\000d\000o\000\040\000A\000l\000g\000o\000r\000i\000t\000m\000o\000\040\000d\000e\000\040\000P\000o\000w\000e\000l\000l}{section.4}% 15
\BOOKMARK [2][-]{subsection.4.4}{\376\377\000E\000x\000e\000m\000p\000l\000o\000\040\000N\000u\000m\000\351\000r\000i\000c\000o\000\040\000\050\000E\000s\000b\000o\000\347\000o\000\051}{section.4}% 16
\BOOKMARK [1][-]{section.5}{\376\377\000M\000\351\000t\000o\000d\000o\000\040\000d\000o\000\040\000S\000i\000m\000p\000l\000e\000x\000\040\000\050\000N\000e\000l\000d\000e\000r\040\023\000M\000e\000a\000d\000\051}{}% 17
\BOOKMARK [2][-]{subsection.5.1}{\376\377\000V\000i\000s\000\343\000o\000\040\000G\000e\000o\000m\000\351\000t\000r\000i\000c\000a}{section.5}% 18
\BOOKMARK [2][-]{subsection.5.2}{\376\377\000P\000a\000s\000s\000o\000s\000\040\000B\000\341\000s\000i\000c\000o\000s\000\040\000e\000m\000\040\0002\000D\000\040\000\050\000T\000r\000i\000\342\000n\000g\000u\000l\000o\000\051}{section.5}% 19
\BOOKMARK [2][-]{subsection.5.3}{\376\377\000E\000x\000e\000m\000p\000l\000o\000\040\000N\000u\000m\000\351\000r\000i\000c\000o\000\040\000E\000s\000q\000u\000e\000m\000\341\000t\000i\000c\000o}{section.5}% 20
\BOOKMARK [2][-]{subsection.5.4}{\376\377\000C\000o\000m\000e\000n\000t\000\341\000r\000i\000o\000s\000\040\000F\000i\000n\000a\000i\000s\000\040\000s\000o\000b\000r\000e\000\040\000o\000\040\000S\000i\000m\000p\000l\000e\000x\000\040\000d\000e\000\040\000N\000e\000l\000d\000e\000r\040\023\000M\000e\000a\000d}{section.5}% 21
